// Jest Snapshot v1, https://goo.gl/fbAQLP

exports[`should render edit expense page snapshot 1`] = `
<div>
  This is the edit page
  1
  <ExpenseForm
    expense={
      Object {
        "amount": 500,
        "createdAt": "1969-12-27T00:00:00.000Z",
        "description": "rent",
        "id": 1,
        "note": "housing",
      }
    }
    onSubmit={[Function]}
  />
  <button
    onClick={[Function]}
  >
    Remove Expense
  </button>
</div>
`;
